[19:28:31.315] Try reusing port from lock file: 9267
[19:28:31.353] Server listening on port 9267, PID 22784
[19:28:31.404] readProjectFiles, Found 117 files to read.
[19:28:31.693] Starting PAI Cloud Dev...
[19:28:32.748] [PAI SDK] createCloudSession response: {
  "code": 0,
  "msg": "success",
  "sandboxId": "vefaas-f0vkicge-zwx1wbt5u0-daamano2o4ealasvlj70-sandbox",
  "endpoint": "https://sd62opo6oqou1ckhsuo00.apigateway-cn-beijing.volceapi.com"
}
[19:28:32.834] [PAI SDK] cloudServer.start called, appId: pai-preview-trae-7047c457
[19:28:33.272] [PAI SDK] Received event: log {"content":"\n> taro_template@1.0.0 dev:h5\n> npm run build:h5 -- --watch\n\n","timestamp":1788175713109}
[19:28:33.387] [PAI SDK] Received event: log {"content":"\n> taro_template@1.0.0 build:h5\n> taro build --type h5 --watch\n\n","timestamp":1788175713227}
[19:28:33.813] [PAI SDK] Received event: log {"content":"👽 Taro v4.1.9\n\n","timestamp":1788175713653}
[19:28:35.232] [PAI SDK] Received event: log {"content":"Tips:\n1. 建议开启持久化缓存功能，能有效提升二次编译速度，详情请参考: https://docs.taro.zone/docs/config-detail#cache。\n\n\n","timestamp":1788175715072}
[19:28:36.679] [PAI SDK] Received event: log {"content":"- 即将开始启动编译，请稍等~\n","timestamp":1788175716520}
[19:28:57.836] [PAI SDK] Received event: compile_error [{"filename":"","lineNumber":0,"description":"SyntaxError: /src/pages/home/index.tsx: Unterminated string constant. (179:49)\n\n  177 |             <View>\n  178 |               <Text className={styles.bookingTitle}>预约订单管理</Text>\n> 179 |               <Text className={styles.bookingDesc\">查看历史预约 · 取消订单</Text>\n      |                                                  ^\n  180 |             </View>\n  181 |           </View>\n  182 |           <Text className={styles.bookingArrow}>›</Text>\n\n","timestamp":1788175737674}]
[19:28:58.711] [PAI SDK] Received event: log {"content":"🙅   编译失败. 8/31/2026, 7:28:58 PM\n\n","timestamp":1788175738550}
[19:28:58.713] [PAI SDK] Received event: compile_error [{"filename":"","lineNumber":0,"description":"SyntaxError: /src/pages/home/index.tsx: Unterminated string constant. (179:49)\n\n  177 |             <View>\n  178 |               <Text className={styles.bookingTitle}>预约订单管理</Text>\n> 179 |               <Text className={styles.bookingDesc\">查看历史预约 · 取消订单</Text>\n      |                                                  ^\n  180 |             </View>\n  181 |           </View>\n  182 |           <Text className={styles.bookingArrow}>›</Text>\n\n","timestamp":1788175738552}]
[19:28:58.716] [PAI SDK] cloudServer.start response: {
  "status": "running",
  "msg": "Cloud Server started successfully.",
  "hash": "pai-preview-trae-7047c457"
}
[19:28:58.816] [PAI SDK] Received event: log {"content":"\nℹ️  Listening at http://9.98.11.255:10086/\n\n监听文件修改中...\n\n","timestamp":1788175738656}
[19:28:58.840] [PAI SDK] Received event: compile_error [{"filename":"","lineNumber":0,"description":"ERROR in ./src/pages/home/index.tsx\nModule build failed (from ../../../var/cache/pai-dev-server/prewarm/taro/0432e9adac405f3a05e1ffc58a9ab755/node_modules/.pnpm/babel-loader@8.2.1_@babel+core@7.29.7_webpack@5.78.0_@swc+core@1.3.96_postcss@8.5.16_/node_modules/babel-loader/lib/index.js):\nSyntaxError: /src/pages/home/index.tsx: Unterminated string constant. (179:49)\n\n  177 |             <View>\n  178 |               <Text className={styles.bookingTitle}>预约订单管理</Text>\n> 179 |               <Text className={styles.bookingDesc\">查看历史预约 · 取消订单</Text>\n      |                                                  ^\n  180 |             </View>\n  181 |           </View>\n  182 |           <Text className={styles.bookingArrow}>›</Text>","timestamp":1788175738667}]
[19:29:25.633] [Preview Server] Frontend connected, clients size = 1
[19:29:25.635] Sending cached status to new connection, lastStatusMessage = {"event":"status_change","message":{"url":"https://sd62opo6oqou1ckhsuo00.apigateway-cn-beijing.volceapi.com/?faasInstanceName=vefaas-f0vkicge-zwx1wbt5u0-daamano2o4ealasvlj70-sandbox&hash=pai-preview-trae-7047c457","schema":"aipa://preview?type=pai&aipa_id=pai-preview-trae-7047c457&uuid=0a60a1f6-3581-4cdd-8618-cf19de488738","status":"running","msg":"Cloud Server started successfully.","framework":"taro"}}
[19:29:25.637] Sending cached status to new connection, lastErrorMessage = {"event":"compile_error","message":[{"filename":"","lineNumber":0,"description":"ERROR in ./src/pages/home/index.tsx\nModule build failed (from ../../../var/cache/pai-dev-server/prewarm/taro/0432e9adac405f3a05e1ffc58a9ab755/node_modules/.pnpm/babel-loader@8.2.1_@babel+core@7.29.7_webpack@5.78.0_@swc+core@1.3.96_postcss@8.5.16_/node_modules/babel-loader/lib/index.js):\nSyntaxError: /src/pages/home/index.tsx: Unterminated string constant. (179:49)\n\n  177 |             <View>\n  178 |               <Text className={styles.bookingTitle}>预约订单管理</Text>\n> 179 |               <Text className={styles.bookingDesc\">查看历史预约 · 取消订单</Text>\n      |                                                  ^\n  180 |             </View>\n  181 |           </View>\n  182 |           <Text className={styles.bookingArrow}>›</Text>","timestamp":1788175738667}]}
[19:29:28.785] File change detected. Updating...
[19:29:28.878] readProjectFiles, Found 117 files to read.
[19:29:29.119] Files read. Count: 117
[19:29:29.120] Calling pai.updateCloudDev...
[19:29:29.122] [PAI SDK] cloudServer.update called, appId: pai-preview-trae-7047c457
[19:29:29.212] [PAI SDK] Received event: reload {"url":"aipa://pai-preview-trae-7047c457.aipa-cloud.bytedance.net?type=pai","timestamp":1788175769051}
[19:29:29.213] [PAI SDK] CloudServer received reload event: {"url":"aipa://pai-preview-trae-7047c457.aipa-cloud.bytedance.net?type=pai","timestamp":1788175769051}
[19:29:29.213] [PAI SDK] reload, url = https://sd62opo6oqou1ckhsuo00.apigateway-cn-beijing.volceapi.com/?faasInstanceName=vefaas-f0vkicge-zwx1wbt5u0-daamano2o4ealasvlj70-sandbox&hash=pai-preview-trae-7047c457
[19:29:29.214] [PAI SDK] cloudServer.update response: {
  "status": "running",
  "reload": false,
  "hash": "pai-preview-trae-7047c457"
}
[19:29:29.215] Update success (pai.updateCloudDev returned)
[19:29:29.274] [PAI SDK] Received event: log {"content":"<i> [webpack-dev-middleware] wait until bundle finished: /\n","timestamp":1788175769114}
[19:29:31.455] [PAI SDK] Received event: compile_error [{"filename":"","lineNumber":0,"description":"SyntaxError: /src/pages/home/index.tsx: Unterminated string constant. (179:49)\n\n  177 |             <View>\n  178 |               <Text className={styles.bookingTitle}>预约订单管理</Text>\n> 179 |               <Text className={styles.bookingDesc\">查看历史预约 · 取消订单</Text>\n      |                                                  ^\n  180 |             </View>\n  181 |           </View>\n  182 |           <Text className={styles.bookingArrow}>›</Text>\n\n","timestamp":1788175771293}]
[19:29:32.388] [PAI SDK] Received event: log {"content":"🙅   编译失败. 8/31/2026, 7:29:32 PM\n\n","timestamp":1788175772227}
[19:29:32.390] [PAI SDK] Received event: compile_error [{"filename":"","lineNumber":0,"description":"SyntaxError: /src/pages/home/index.tsx: Unterminated string constant. (179:49)\n\n  177 |             <View>\n  178 |               <Text className={styles.bookingTitle}>预约订单管理</Text>\n> 179 |               <Text className={styles.bookingDesc\">查看历史预约 · 取消订单</Text>\n      |                                                  ^\n  180 |             </View>\n  181 |           </View>\n  182 |           <Text className={styles.bookingArrow}>›</Text>\n\n","timestamp":1788175772228}]
[19:29:32.419] [PAI SDK] Received event: compile_error [{"filename":"","lineNumber":0,"description":"ERROR in ./src/pages/home/index.tsx\nModule build failed (from ../../../var/cache/pai-dev-server/prewarm/taro/0432e9adac405f3a05e1ffc58a9ab755/node_modules/.pnpm/babel-loader@8.2.1_@babel+core@7.29.7_webpack@5.78.0_@swc+core@1.3.96_postcss@8.5.16_/node_modules/babel-loader/lib/index.js):\nSyntaxError: /src/pages/home/index.tsx: Unterminated string constant. (179:49)\n\n  177 |             <View>\n  178 |               <Text className={styles.bookingTitle}>预约订单管理</Text>\n> 179 |               <Text className={styles.bookingDesc\">查看历史预约 · 取消订单</Text>\n      |                                                  ^\n  180 |             </View>\n  181 |           </View>\n  182 |           <Text className={styles.bookingArrow}>›</Text>","timestamp":1788175772258}]
[19:30:09.335] [Preview Server] Frontend disconnected, clients size = 1
[19:30:13.466] [Preview Server] Frontend connected, clients size = 1
[19:30:13.467] Sending cached status to new connection, lastStatusMessage = {"event":"status_change","message":{"url":"https://sd62opo6oqou1ckhsuo00.apigateway-cn-beijing.volceapi.com/?faasInstanceName=vefaas-f0vkicge-zwx1wbt5u0-daamano2o4ealasvlj70-sandbox&hash=pai-preview-trae-7047c457","schema":"aipa://preview?type=pai&aipa_id=pai-preview-trae-7047c457&uuid=0a60a1f6-3581-4cdd-8618-cf19de488738","status":"running","framework":"taro"}}
[19:30:13.467] Sending cached status to new connection, lastErrorMessage = {"event":"compile_error","message":[{"filename":"","lineNumber":0,"description":"ERROR in ./src/pages/home/index.tsx\nModule build failed (from ../../../var/cache/pai-dev-server/prewarm/taro/0432e9adac405f3a05e1ffc58a9ab755/node_modules/.pnpm/babel-loader@8.2.1_@babel+core@7.29.7_webpack@5.78.0_@swc+core@1.3.96_postcss@8.5.16_/node_modules/babel-loader/lib/index.js):\nSyntaxError: /src/pages/home/index.tsx: Unterminated string constant. (179:49)\n\n  177 |             <View>\n  178 |               <Text className={styles.bookingTitle}>预约订单管理</Text>\n> 179 |               <Text className={styles.bookingDesc\">查看历史预约 · 取消订单</Text>\n      |                                                  ^\n  180 |             </View>\n  181 |           </View>\n  182 |           <Text className={styles.bookingArrow}>›</Text>","timestamp":1788175772258}]}
[19:30:16.260] [Preview Server] Frontend disconnected, clients size = 1
[19:30:16.289] [Preview Server] Frontend connected, clients size = 1
[19:30:16.290] Sending cached status to new connection, lastStatusMessage = {"event":"status_change","message":{"url":"https://sd62opo6oqou1ckhsuo00.apigateway-cn-beijing.volceapi.com/?faasInstanceName=vefaas-f0vkicge-zwx1wbt5u0-daamano2o4ealasvlj70-sandbox&hash=pai-preview-trae-7047c457","schema":"aipa://preview?type=pai&aipa_id=pai-preview-trae-7047c457&uuid=0a60a1f6-3581-4cdd-8618-cf19de488738","status":"running","framework":"taro"}}
[19:30:16.290] Sending cached status to new connection, lastErrorMessage = {"event":"compile_error","message":[{"filename":"","lineNumber":0,"description":"ERROR in ./src/pages/home/index.tsx\nModule build failed (from ../../../var/cache/pai-dev-server/prewarm/taro/0432e9adac405f3a05e1ffc58a9ab755/node_modules/.pnpm/babel-loader@8.2.1_@babel+core@7.29.7_webpack@5.78.0_@swc+core@1.3.96_postcss@8.5.16_/node_modules/babel-loader/lib/index.js):\nSyntaxError: /src/pages/home/index.tsx: Unterminated string constant. (179:49)\n\n  177 |             <View>\n  178 |               <Text className={styles.bookingTitle}>预约订单管理</Text>\n> 179 |               <Text className={styles.bookingDesc\">查看历史预约 · 取消订单</Text>\n      |                                                  ^\n  180 |             </View>\n  181 |           </View>\n  182 |           <Text className={styles.bookingArrow}>›</Text>","timestamp":1788175772258}]}
[19:30:29.232] [Preview Server] Frontend disconnected, clients size = 1
[19:31:09.850] File change detected. Updating...
[19:31:09.889] readProjectFiles, Found 117 files to read.
[19:31:10.073] Files read. Count: 117
[19:31:10.073] Calling pai.updateCloudDev...
[19:31:10.074] [PAI SDK] cloudServer.update called, appId: pai-preview-trae-7047c457
[19:31:10.165] [PAI SDK] Received event: reload {"url":"aipa://pai-preview-trae-7047c457.aipa-cloud.bytedance.net?type=pai","timestamp":1788175870002}
[19:31:10.165] [PAI SDK] CloudServer received reload event: {"url":"aipa://pai-preview-trae-7047c457.aipa-cloud.bytedance.net?type=pai","timestamp":1788175870002}
[19:31:10.165] [PAI SDK] reload, url = https://sd62opo6oqou1ckhsuo00.apigateway-cn-beijing.volceapi.com/?faasInstanceName=vefaas-f0vkicge-zwx1wbt5u0-daamano2o4ealasvlj70-sandbox&hash=pai-preview-trae-7047c457
[19:31:10.166] [PAI SDK] cloudServer.update response: {
  "status": "running",
  "reload": false,
  "hash": "pai-preview-trae-7047c457"
}
[19:31:10.166] Update success (pai.updateCloudDev returned)
[19:31:12.368] [PAI SDK] Received event: compile_error [{"filename":"","lineNumber":0,"description":"SyntaxError: /src/pages/home/index.tsx: Unterminated string constant. (179:49)\n\n  177 |             <View>\n  178 |               <Text className={styles.bookingTitle}>预约订单管理</Text>\n> 179 |               <Text className={styles.bookingDesc\">查看历史预约 · 取消订单</Text>\n      |                                                  ^\n  180 |             </View>\n  181 |           </View>\n  182 |           <Text className={styles.bookingArrow}>›</Text>\n\n→ Watching... [8/31/2026, 7:31:12 PM]\n\n","timestamp":1788175872193}]
[19:31:13.361] [PAI SDK] Received event: log {"content":"🙅   编译失败. 8/31/2026, 7:31:13 PM\n\n","timestamp":1788175873198}
[19:31:13.363] [PAI SDK] Received event: compile_error [{"filename":"","lineNumber":0,"description":"SyntaxError: /src/pages/home/index.tsx: Unterminated string constant. (179:49)\n\n  177 |             <View>\n  178 |               <Text className={styles.bookingTitle}>预约订单管理</Text>\n> 179 |               <Text className={styles.bookingDesc\">查看历史预约 · 取消订单</Text>\n      |                                                  ^\n  180 |             </View>\n  181 |           </View>\n  182 |           <Text className={styles.bookingArrow}>›</Text>\n\n","timestamp":1788175873200}]
[19:31:13.385] [PAI SDK] Received event: compile_error [{"filename":"","lineNumber":0,"description":"ERROR in ./src/pages/home/index.tsx\nModule build failed (from ../../../var/cache/pai-dev-server/prewarm/taro/0432e9adac405f3a05e1ffc58a9ab755/node_modules/.pnpm/babel-loader@8.2.1_@babel+core@7.29.7_webpack@5.78.0_@swc+core@1.3.96_postcss@8.5.16_/node_modules/babel-loader/lib/index.js):\nSyntaxError: /src/pages/home/index.tsx: Unterminated string constant. (179:49)\n\n  177 |             <View>\n  178 |               <Text className={styles.bookingTitle}>预约订单管理</Text>\n> 179 |               <Text className={styles.bookingDesc\">查看历史预约 · 取消订单</Text>\n      |                                                  ^\n  180 |             </View>\n  181 |           </View>\n  182 |           <Text className={styles.bookingArrow}>›</Text>","timestamp":1788175873221}]
[19:31:15.185] File change detected. Updating...
[19:31:15.236] readProjectFiles, Found 117 files to read.
[19:31:15.340] Files read. Count: 117
[19:31:15.340] Calling pai.updateCloudDev...
[19:31:15.341] [PAI SDK] cloudServer.update called, appId: pai-preview-trae-7047c457
[19:31:15.417] [PAI SDK] Received event: reload {"url":"aipa://pai-preview-trae-7047c457.aipa-cloud.bytedance.net?type=pai","timestamp":1788175875254}
[19:31:15.417] [PAI SDK] CloudServer received reload event: {"url":"aipa://pai-preview-trae-7047c457.aipa-cloud.bytedance.net?type=pai","timestamp":1788175875254}
[19:31:15.418] [PAI SDK] reload, url = https://sd62opo6oqou1ckhsuo00.apigateway-cn-beijing.volceapi.com/?faasInstanceName=vefaas-f0vkicge-zwx1wbt5u0-daamano2o4ealasvlj70-sandbox&hash=pai-preview-trae-7047c457
[19:31:15.418] [PAI SDK] cloudServer.update response: {
  "status": "running",
  "reload": false,
  "hash": "pai-preview-trae-7047c457"
}
[19:31:15.418] Update success (pai.updateCloudDev returned)
[19:31:17.323] [PAI SDK] Received event: compile_error [{"filename":"","lineNumber":0,"description":"SyntaxError: /src/pages/home/index.tsx: Unterminated string constant. (179:49)\n\n  177 |             <View>\n  178 |               <Text className={styles.bookingTitle}>预约订单管理</Text>\n> 179 |               <Text className={styles.bookingDesc\">查看历史预约 · 取消订单</Text>\n      |                                                  ^\n  180 |             </View>\n  181 |           </View>\n  182 |           <Text className={styles.bookingArrow}>›</Text>\n\n","timestamp":1788175877153}]
[19:31:18.137] [PAI SDK] Received event: log {"content":"🙅   编译失败. 8/31/2026, 7:31:17 PM\n\n","timestamp":1788175877974}
[19:31:18.140] [PAI SDK] Received event: compile_error [{"filename":"","lineNumber":0,"description":"SyntaxError: /src/pages/home/index.tsx: Unterminated string constant. (179:49)\n\n  177 |             <View>\n  178 |               <Text className={styles.bookingTitle}>预约订单管理</Text>\n> 179 |               <Text className={styles.bookingDesc\">查看历史预约 · 取消订单</Text>\n      |                                                  ^\n  180 |             </View>\n  181 |           </View>\n  182 |           <Text className={styles.bookingArrow}>›</Text>\n\n","timestamp":1788175877976}]
[19:31:18.161] [PAI SDK] Received event: compile_error [{"filename":"","lineNumber":0,"description":"ERROR in ./src/pages/home/index.tsx\nModule build failed (from ../../../var/cache/pai-dev-server/prewarm/taro/0432e9adac405f3a05e1ffc58a9ab755/node_modules/.pnpm/babel-loader@8.2.1_@babel+core@7.29.7_webpack@5.78.0_@swc+core@1.3.96_postcss@8.5.16_/node_modules/babel-loader/lib/index.js):\nSyntaxError: /src/pages/home/index.tsx: Unterminated string constant. (179:49)\n\n  177 |             <View>\n  178 |               <Text className={styles.bookingTitle}>预约订单管理</Text>\n> 179 |               <Text className={styles.bookingDesc\">查看历史预约 · 取消订单</Text>\n      |                                                  ^\n  180 |             </View>\n  181 |           </View>\n  182 |           <Text className={styles.bookingArrow}>›</Text>","timestamp":1788175877997}]
[19:31:20.581] File change detected. Updating...
[19:31:20.615] readProjectFiles, Found 117 files to read.
[19:31:20.689] Files read. Count: 117
[19:31:20.689] Calling pai.updateCloudDev...
[19:31:20.690] [PAI SDK] cloudServer.update called, appId: pai-preview-trae-7047c457
[19:31:20.777] [PAI SDK] Received event: reload {"url":"aipa://pai-preview-trae-7047c457.aipa-cloud.bytedance.net?type=pai","timestamp":1788175880614}
[19:31:20.777] [PAI SDK] CloudServer received reload event: {"url":"aipa://pai-preview-trae-7047c457.aipa-cloud.bytedance.net?type=pai","timestamp":1788175880614}
[19:31:20.778] [PAI SDK] reload, url = https://sd62opo6oqou1ckhsuo00.apigateway-cn-beijing.volceapi.com/?faasInstanceName=vefaas-f0vkicge-zwx1wbt5u0-daamano2o4ealasvlj70-sandbox&hash=pai-preview-trae-7047c457
[19:31:20.778] [PAI SDK] cloudServer.update response: {
  "status": "running",
  "reload": false,
  "hash": "pai-preview-trae-7047c457"
}
[19:31:20.778] Update success (pai.updateCloudDev returned)
[19:31:22.804] [PAI SDK] Received event: compile_error [{"filename":"","lineNumber":0,"description":"SyntaxError: /src/pages/home/index.tsx: Unterminated string constant. (179:49)\n\n  177 |             <View>\n  178 |               <Text className={styles.bookingTitle}>预约订单管理</Text>\n> 179 |               <Text className={styles.bookingDesc\">查看历史预约 · 取消订单</Text>\n      |                                                  ^\n  180 |             </View>\n  181 |           </View>\n  182 |           <Text className={styles.bookingArrow}>›</Text>\n\n→ Watching... [8/31/2026, 7:31:22 PM]\n\n","timestamp":1788175882639}]
[19:31:22.901] [PAI SDK] Received event: log {"content":"✖ Errors: \n\n","timestamp":1788175882739}
[19:31:23.676] [PAI SDK] Received event: log {"content":"🙅   编译失败. 8/31/2026, 7:31:23 PM\n\n","timestamp":1788175883512}
[19:31:23.677] [PAI SDK] Received event: compile_error [{"filename":"","lineNumber":0,"description":"SyntaxError: /src/pages/home/index.tsx: Unterminated string constant. (179:49)\n\n  177 |             <View>\n  178 |               <Text className={styles.bookingTitle}>预约订单管理</Text>\n> 179 |               <Text className={styles.bookingDesc\">查看历史预约 · 取消订单</Text>\n      |                                                  ^\n  180 |             </View>\n  181 |           </View>\n  182 |           <Text className={styles.bookingArrow}>›</Text>\n\n","timestamp":1788175883514}]
[19:31:23.698] [PAI SDK] Received event: compile_error [{"filename":"","lineNumber":0,"description":"ERROR in ./src/pages/home/index.tsx\nModule build failed (from ../../../var/cache/pai-dev-server/prewarm/taro/0432e9adac405f3a05e1ffc58a9ab755/node_modules/.pnpm/babel-loader@8.2.1_@babel+core@7.29.7_webpack@5.78.0_@swc+core@1.3.96_postcss@8.5.16_/node_modules/babel-loader/lib/index.js):\nSyntaxError: /src/pages/home/index.tsx: Unterminated string constant. (179:49)\n\n  177 |             <View>\n  178 |               <Text className={styles.bookingTitle}>预约订单管理</Text>\n> 179 |               <Text className={styles.bookingDesc\">查看历史预约 · 取消订单</Text>\n      |                                                  ^\n  180 |             </View>\n  181 |           </View>\n  182 |           <Text className={styles.bookingArrow}>›</Text>","timestamp":1788175883536}]
[19:32:05.714] File change detected. Updating...
[19:32:05.740] readProjectFiles, Found 118 files to read.
[19:32:05.822] Files read. Count: 118
[19:32:05.822] Calling pai.updateCloudDev...
[19:32:05.823] [PAI SDK] cloudServer.update called, appId: pai-preview-trae-7047c457
[19:32:05.895] [PAI SDK] Received event: reload {"url":"aipa://pai-preview-trae-7047c457.aipa-cloud.bytedance.net?type=pai","timestamp":1788175925732}
[19:32:05.895] [PAI SDK] CloudServer received reload event: {"url":"aipa://pai-preview-trae-7047c457.aipa-cloud.bytedance.net?type=pai","timestamp":1788175925732}
[19:32:05.896] [PAI SDK] reload, url = https://sd62opo6oqou1ckhsuo00.apigateway-cn-beijing.volceapi.com/?faasInstanceName=vefaas-f0vkicge-zwx1wbt5u0-daamano2o4ealasvlj70-sandbox&hash=pai-preview-trae-7047c457
[19:32:05.896] [PAI SDK] cloudServer.update response: {
  "status": "running",
  "reload": false,
  "hash": "pai-preview-trae-7047c457"
}
[19:32:05.896] Update success (pai.updateCloudDev returned)
[19:32:07.988] [PAI SDK] Received event: compile_error [{"filename":"","lineNumber":0,"description":"SyntaxError: /src/pages/home/index.tsx: Unterminated string constant. (179:49)\n\n  177 |             <View>\n  178 |               <Text className={styles.bookingTitle}>预约订单管理</Text>\n> 179 |               <Text className={styles.bookingDesc\">查看历史预约 · 取消订单</Text>\n      |                                                  ^\n  180 |             </View>\n  181 |           </View>\n  182 |           <Text className={styles.bookingArrow}>›</Text>\n\n→ Watching... [8/31/2026, 7:32:07 PM]\n\n","timestamp":1788175927822}]
[19:32:08.904] [PAI SDK] Received event: log {"content":"🙅   编译失败. 8/31/2026, 7:32:08 PM\n\n","timestamp":1788175928741}
[19:32:08.906] [PAI SDK] Received event: compile_error [{"filename":"","lineNumber":0,"description":"SyntaxError: /src/pages/home/index.tsx: Unterminated string constant. (179:49)\n\n  177 |             <View>\n  178 |               <Text className={styles.bookingTitle}>预约订单管理</Text>\n> 179 |               <Text className={styles.bookingDesc\">查看历史预约 · 取消订单</Text>\n      |                                                  ^\n  180 |             </View>\n  181 |           </View>\n  182 |           <Text className={styles.bookingArrow}>›</Text>\n\n","timestamp":1788175928741}]
[19:32:08.927] [PAI SDK] Received event: compile_error [{"filename":"","lineNumber":0,"description":"ERROR in ./src/pages/home/index.tsx\nModule build failed (from ../../../var/cache/pai-dev-server/prewarm/taro/0432e9adac405f3a05e1ffc58a9ab755/node_modules/.pnpm/babel-loader@8.2.1_@babel+core@7.29.7_webpack@5.78.0_@swc+core@1.3.96_postcss@8.5.16_/node_modules/babel-loader/lib/index.js):\nSyntaxError: /src/pages/home/index.tsx: Unterminated string constant. (179:49)\n\n  177 |             <View>\n  178 |               <Text className={styles.bookingTitle}>预约订单管理</Text>\n> 179 |               <Text className={styles.bookingDesc\">查看历史预约 · 取消订单</Text>\n      |                                                  ^\n  180 |             </View>\n  181 |           </View>\n  182 |           <Text className={styles.bookingArrow}>›</Text>","timestamp":1788175928763}]
[19:33:10.501] File change detected. Updating...
[19:33:10.549] readProjectFiles, Found 119 files to read.
[19:33:10.690] Files read. Count: 119
[19:33:10.691] Calling pai.updateCloudDev...
[19:33:10.692] [PAI SDK] cloudServer.update called, appId: pai-preview-trae-7047c457
[19:33:10.771] [PAI SDK] Received event: reload {"url":"aipa://pai-preview-trae-7047c457.aipa-cloud.bytedance.net?type=pai","timestamp":1788175990606}
[19:33:10.772] [PAI SDK] CloudServer received reload event: {"url":"aipa://pai-preview-trae-7047c457.aipa-cloud.bytedance.net?type=pai","timestamp":1788175990606}
[19:33:10.772] [PAI SDK] reload, url = https://sd62opo6oqou1ckhsuo00.apigateway-cn-beijing.volceapi.com/?faasInstanceName=vefaas-f0vkicge-zwx1wbt5u0-daamano2o4ealasvlj70-sandbox&hash=pai-preview-trae-7047c457
[19:33:10.772] [PAI SDK] cloudServer.update response: {
  "status": "running",
  "reload": false,
  "hash": "pai-preview-trae-7047c457"
}
[19:33:10.773] Update success (pai.updateCloudDev returned)
[19:33:12.760] [PAI SDK] Received event: compile_error [{"filename":"","lineNumber":0,"description":"SyntaxError: /src/pages/home/index.tsx: Unterminated string constant. (179:49)\n\n  177 |             <View>\n  178 |               <Text className={styles.bookingTitle}>预约订单管理</Text>\n> 179 |               <Text className={styles.bookingDesc\">查看历史预约 · 取消订单</Text>\n      |                                                  ^\n  180 |             </View>\n  181 |           </View>\n  182 |           <Text className={styles.bookingArrow}>›</Text>\n\n→ Watching... [8/31/2026, 7:33:12 PM]\n\n","timestamp":1788175992593}]
[19:33:13.564] [PAI SDK] Received event: log {"content":"🙅   编译失败. 8/31/2026, 7:33:13 PM\n\n","timestamp":1788175993399}
[19:33:13.565] [PAI SDK] Received event: compile_error [{"filename":"","lineNumber":0,"description":"SyntaxError: /src/pages/home/index.tsx: Unterminated string constant. (179:49)\n\n  177 |             <View>\n  178 |               <Text className={styles.bookingTitle}>预约订单管理</Text>\n> 179 |               <Text className={styles.bookingDesc\">查看历史预约 · 取消订单</Text>\n      |                                                  ^\n  180 |             </View>\n  181 |           </View>\n  182 |           <Text className={styles.bookingArrow}>›</Text>\n\n","timestamp":1788175993400}]
[19:33:13.597] [PAI SDK] Received event: compile_error [{"filename":"","lineNumber":0,"description":"ERROR in ./src/pages/home/index.tsx\nModule build failed (from ../../../var/cache/pai-dev-server/prewarm/taro/0432e9adac405f3a05e1ffc58a9ab755/node_modules/.pnpm/babel-loader@8.2.1_@babel+core@7.29.7_webpack@5.78.0_@swc+core@1.3.96_postcss@8.5.16_/node_modules/babel-loader/lib/index.js):\nSyntaxError: /src/pages/home/index.tsx: Unterminated string constant. (179:49)\n\n  177 |             <View>\n  178 |               <Text className={styles.bookingTitle}>预约订单管理</Text>\n> 179 |               <Text className={styles.bookingDesc\">查看历史预约 · 取消订单</Text>\n      |                                                  ^\n  180 |             </View>\n  181 |           </View>\n  182 |           <Text className={styles.bookingArrow}>›</Text>","timestamp":1788175993431}]
[19:33:47.795] File change detected. Updating...
[19:33:47.828] readProjectFiles, Found 120 files to read.
[19:33:47.924] Files read. Count: 120
[19:33:47.924] Calling pai.updateCloudDev...
[19:33:47.924] [PAI SDK] cloudServer.update called, appId: pai-preview-trae-7047c457
[19:33:48.005] [PAI SDK] Received event: reload {"url":"aipa://pai-preview-trae-7047c457.aipa-cloud.bytedance.net?type=pai","timestamp":1788176027840}
[19:33:48.006] [PAI SDK] CloudServer received reload event: {"url":"aipa://pai-preview-trae-7047c457.aipa-cloud.bytedance.net?type=pai","timestamp":1788176027840}
[19:33:48.006] [PAI SDK] reload, url = https://sd62opo6oqou1ckhsuo00.apigateway-cn-beijing.volceapi.com/?faasInstanceName=vefaas-f0vkicge-zwx1wbt5u0-daamano2o4ealasvlj70-sandbox&hash=pai-preview-trae-7047c457
[19:33:48.006] [PAI SDK] cloudServer.update response: {
  "status": "running",
  "reload": false,
  "hash": "pai-preview-trae-7047c457"
}
[19:33:48.006] Update success (pai.updateCloudDev returned)
[19:33:49.884] [PAI SDK] Received event: compile_error [{"filename":"","lineNumber":0,"description":"SyntaxError: /src/pages/home/index.tsx: Unterminated string constant. (179:49)\n\n  177 |             <View>\n  178 |               <Text className={styles.bookingTitle}>预约订单管理</Text>\n> 179 |               <Text className={styles.bookingDesc\">查看历史预约 · 取消订单</Text>\n      |                                                  ^\n  180 |             </View>\n  181 |           </View>\n  182 |           <Text className={styles.bookingArrow}>›</Text>\n\n→ Watching... [8/31/2026, 7:33:49 PM]\n\n","timestamp":1788176029717}]
[19:33:50.728] [PAI SDK] Received event: log {"content":"🙅   编译失败. 8/31/2026, 7:33:50 PM\n\n","timestamp":1788176030562}
[19:33:50.729] [PAI SDK] Received event: compile_error [{"filename":"","lineNumber":0,"description":"SyntaxError: /src/pages/home/index.tsx: Unterminated string constant. (179:49)\n\n  177 |             <View>\n  178 |               <Text className={styles.bookingTitle}>预约订单管理</Text>\n> 179 |               <Text className={styles.bookingDesc\">查看历史预约 · 取消订单</Text>\n      |                                                  ^\n  180 |             </View>\n  181 |           </View>\n  182 |           <Text className={styles.bookingArrow}>›</Text>\n\n","timestamp":1788176030563}]
[19:33:50.757] [PAI SDK] Received event: compile_error [{"filename":"","lineNumber":0,"description":"ERROR in ./src/pages/home/index.tsx\nModule build failed (from ../../../var/cache/pai-dev-server/prewarm/taro/0432e9adac405f3a05e1ffc58a9ab755/node_modules/.pnpm/babel-loader@8.2.1_@babel+core@7.29.7_webpack@5.78.0_@swc+core@1.3.96_postcss@8.5.16_/node_modules/babel-loader/lib/index.js):\nSyntaxError: /src/pages/home/index.tsx: Unterminated string constant. (179:49)\n\n  177 |             <View>\n  178 |               <Text className={styles.bookingTitle}>预约订单管理</Text>\n> 179 |               <Text className={styles.bookingDesc\">查看历史预约 · 取消订单</Text>\n      |                                                  ^\n  180 |             </View>\n  181 |           </View>\n  182 |           <Text className={styles.bookingArrow}>›</Text>","timestamp":1788176030587}]
[19:33:53.884] File change detected. Updating...
[19:33:53.918] readProjectFiles, Found 121 files to read.
[19:33:54.004] Files read. Count: 121
[19:33:54.004] Calling pai.updateCloudDev...
[19:33:54.005] [PAI SDK] cloudServer.update called, appId: pai-preview-trae-7047c457
[19:33:54.072] [PAI SDK] Received event: reload {"url":"aipa://pai-preview-trae-7047c457.aipa-cloud.bytedance.net?type=pai","timestamp":1788176033906}
[19:33:54.073] [PAI SDK] CloudServer received reload event: {"url":"aipa://pai-preview-trae-7047c457.aipa-cloud.bytedance.net?type=pai","timestamp":1788176033906}
[19:33:54.074] [PAI SDK] reload, url = https://sd62opo6oqou1ckhsuo00.apigateway-cn-beijing.volceapi.com/?faasInstanceName=vefaas-f0vkicge-zwx1wbt5u0-daamano2o4ealasvlj70-sandbox&hash=pai-preview-trae-7047c457
[19:33:54.074] [PAI SDK] cloudServer.update response: {
  "status": "running",
  "reload": false,
  "hash": "pai-preview-trae-7047c457"
}
[19:33:54.075] Update success (pai.updateCloudDev returned)
[19:33:55.514] [PAI SDK] Received event: compile_error [{"filename":"","lineNumber":0,"description":"SyntaxError: /src/pages/home/index.tsx: Unterminated string constant. (179:49)\n\n  177 |             <View>\n  178 |               <Text className={styles.bookingTitle}>预约订单管理</Text>\n> 179 |               <Text className={styles.bookingDesc\">查看历史预约 · 取消订单</Text>\n      |                                                  ^\n  180 |             </View>\n  181 |           </View>\n  182 |           <Text className={styles.bookingArrow}>›</Text>\n\n","timestamp":1788176035347}]
[19:33:56.635] [PAI SDK] Received event: log {"content":"🙅   编译失败. 8/31/2026, 7:33:56 PM\n\n","timestamp":1788176036469}
[19:33:56.636] [PAI SDK] Received event: compile_error [{"filename":"","lineNumber":0,"description":"SyntaxError: /src/pages/home/index.tsx: Unterminated string constant. (179:49)\n\n  177 |             <View>\n  178 |               <Text className={styles.bookingTitle}>预约订单管理</Text>\n> 179 |               <Text className={styles.bookingDesc\">查看历史预约 · 取消订单</Text>\n      |                                                  ^\n  180 |             </View>\n  181 |           </View>\n  182 |           <Text className={styles.bookingArrow}>›</Text>\n\n","timestamp":1788176036470}]
[19:33:56.674] [PAI SDK] Received event: compile_error [{"filename":"","lineNumber":0,"description":"ERROR in ./src/pages/home/index.tsx\nModule build failed (from ../../../var/cache/pai-dev-server/prewarm/taro/0432e9adac405f3a05e1ffc58a9ab755/node_modules/.pnpm/babel-loader@8.2.1_@babel+core@7.29.7_webpack@5.78.0_@swc+core@1.3.96_postcss@8.5.16_/node_modules/babel-loader/lib/index.js):\nSyntaxError: /src/pages/home/index.tsx: Unterminated string constant. (179:49)\n\n  177 |             <View>\n  178 |               <Text className={styles.bookingTitle}>预约订单管理</Text>\n> 179 |               <Text className={styles.bookingDesc\">查看历史预约 · 取消订单</Text>\n      |                                                  ^\n  180 |             </View>\n  181 |           </View>\n  182 |           <Text className={styles.bookingArrow}>›</Text>","timestamp":1788176036507}]
